❌ FAILED: //src/test/kotlin/org/wfanet/measurement/access/deploy/gcloud/spanner:AccessSchemaTest
❌ FAILED: //src/test/kotlin/org/wfanet/measurement/access/deploy/gcloud/spanner:SpannerPermissionsServiceTest
❌ FAILED: //src/test/kotlin/org/wfanet/measurement/access/deploy/gcloud/spanner:SpannerPoliciesServiceTest
❌ FAILED: //src/test/kotlin/org/wfanet/measurement/access/deploy/gcloud/spanner:SpannerPrincipalsServiceTest
❌ FAILED: //src/test/kotlin/org/wfanet/measurement/access/deploy/gcloud/spanner:SpannerRolesServiceTest
❌ FAILED: //src/test/kotlin/org/wfanet/measurement/api/v2alpha/tools:BenchmarkTest
❌ FAILED: //src/test/kotlin/org/wfanet/measurement/api/v2alpha/tools:MeasurementSystemTest
❌ FAILED: //src/test/kotlin/org/wfanet/measurement/duchy/deploy/gcloud/spanner/computation:ComputationsSchemaTest
❌ FAILED: //src/test/kotlin/org/wfanet/measurement/duchy/deploy/gcloud/spanner/computation:GcpSpannerComputationsDatabaseReaderTest
❌ FAILED: //src/test/kotlin/org/wfanet/measurement/duchy/deploy/gcloud/spanner/computation:GcpSpannerComputationsDatabaseTransactorTest
❌ FAILED: //src/test/kotlin/org/wfanet/measurement/duchy/deploy/gcloud/spanner/computation:SpannerComputationStatsServiceTest
❌ FAILED: //src/test/kotlin/org/wfanet/measurement/duchy/deploy/gcloud/spanner/computation:SpannerComputationsServiceTest
❌ FAILED: //src/test/kotlin/org/wfanet/measurement/duchy/deploy/gcloud/spanner/continuationtoken:SpannerContinuationTokensServiceTest
❌ FAILED: //src/test/kotlin/org/wfanet/measurement/duchy/mill/shareshuffle:HonestMajorityShareShuffleMillTest
❌ FAILED: //src/test/kotlin/org/wfanet/measurement/duchy/service/api/v2alpha:RequisitionFulfillmentServiceTest
❌ FAILED: //src/test/kotlin/org/wfanet/measurement/eventdataprovider/shareshuffle/v2alpha:FrequencyVectorBuilderTest
❌ FAILED: //src/test/kotlin/org/wfanet/measurement/eventdataprovider/shareshuffle/v2alpha:FulfillRequisitionRequestBuilderTest
❌ FAILED: //src/test/kotlin/org/wfanet/measurement/eventdataprovider/shareshuffle/v2alpha:InMemoryVidIndexMapTest
❌ FAILED: //src/test/kotlin/org/wfanet/measurement/integration/deploy/gcloud:GCloudInProcessAccessCliIntegrationTest
❌ FAILED: //src/test/kotlin/org/wfanet/measurement/integration/deploy/gcloud:GCloudInProcessLifeOfAReportV2IntegrationTest
❌ FAILED: //src/test/kotlin/org/wfanet/measurement/integration/deploy/gcloud:GCloudInProcessLifeOfAnEventGroupIntegrationTest
❌ FAILED: //src/test/kotlin/org/wfanet/measurement/integration/deploy/gcloud:GCloudPostgresInProcessLifeOfAMeasurementIntegrationTest
❌ FAILED: //src/test/kotlin/org/wfanet/measurement/integration/deploy/gcloud:GCloudSpannerInProcessLifeOfAMeasurementIntegrationTest
❌ FAILED: //src/test/kotlin/org/wfanet/measurement/integration/deploy/gcloud:GCloudSpannerInProcessMeasurementSystemProberIntegrationTest
❌ FAILED: //src/test/kotlin/org/wfanet/measurement/integration/deploy/gcloud:GCloudSpannerInProcessReachMeasurementAccuracyTest
❌ FAILED: //src/test/kotlin/org/wfanet/measurement/integration/k8s:EmptyClusterCorrectnessTest
❌ FAILED: //src/test/kotlin/org/wfanet/measurement/integration/k8s:SyntheticGeneratorCorrectnessTest
❌ FAILED: //src/test/kotlin/org/wfanet/measurement/kingdom/batch:MeasurementSystemProberTest
❌ FAILED: //src/test/kotlin/org/wfanet/measurement/kingdom/deploy/gcloud/spanner:KingdomSchemaTest
❌ FAILED: //src/test/kotlin/org/wfanet/measurement/kingdom/deploy/gcloud/spanner:SpannerAccountsServiceTest
❌ FAILED: //src/test/kotlin/org/wfanet/measurement/kingdom/deploy/gcloud/spanner:SpannerApiKeysServiceTest
❌ FAILED: //src/test/kotlin/org/wfanet/measurement/kingdom/deploy/gcloud/spanner:SpannerCertificatesServiceTest
❌ FAILED: //src/test/kotlin/org/wfanet/measurement/kingdom/deploy/gcloud/spanner:SpannerComputationParticipantsServiceTest
❌ FAILED: //src/test/kotlin/org/wfanet/measurement/kingdom/deploy/gcloud/spanner:SpannerDataProvidersServiceTest
❌ FAILED: //src/test/kotlin/org/wfanet/measurement/kingdom/deploy/gcloud/spanner:SpannerEventGroupMetadataDescriptorsServiceTest
❌ FAILED: //src/test/kotlin/org/wfanet/measurement/kingdom/deploy/gcloud/spanner:SpannerEventGroupsServiceTest
❌ FAILED: //src/test/kotlin/org/wfanet/measurement/kingdom/deploy/gcloud/spanner:SpannerExchangeStepAttemptsServiceTest
❌ FAILED: //src/test/kotlin/org/wfanet/measurement/kingdom/deploy/gcloud/spanner:SpannerExchangeStepsServiceTest
❌ FAILED: //src/test/kotlin/org/wfanet/measurement/kingdom/deploy/gcloud/spanner:SpannerExchangesServiceTest
❌ FAILED: //src/test/kotlin/org/wfanet/measurement/kingdom/deploy/gcloud/spanner:SpannerMeasurementConsumersServiceTest
❌ FAILED: //src/test/kotlin/org/wfanet/measurement/kingdom/deploy/gcloud/spanner:SpannerMeasurementLogEntriesServiceTest
❌ FAILED: //src/test/kotlin/org/wfanet/measurement/kingdom/deploy/gcloud/spanner:SpannerMeasurementsServiceTest
❌ FAILED: //src/test/kotlin/org/wfanet/measurement/kingdom/deploy/gcloud/spanner:SpannerModelLinesServiceTest
❌ FAILED: //src/test/kotlin/org/wfanet/measurement/kingdom/deploy/gcloud/spanner:SpannerModelOutagesServiceTest
❌ FAILED: //src/test/kotlin/org/wfanet/measurement/kingdom/deploy/gcloud/spanner:SpannerModelProvidersServiceTest
❌ FAILED: //src/test/kotlin/org/wfanet/measurement/kingdom/deploy/gcloud/spanner:SpannerModelReleasesServiceTest
❌ FAILED: //src/test/kotlin/org/wfanet/measurement/kingdom/deploy/gcloud/spanner:SpannerModelShardsServiceTest
❌ FAILED: //src/test/kotlin/org/wfanet/measurement/kingdom/deploy/gcloud/spanner:SpannerModelSuitesServiceTest
❌ FAILED: //src/test/kotlin/org/wfanet/measurement/kingdom/deploy/gcloud/spanner:SpannerPopulationsServiceTest
❌ FAILED: //src/test/kotlin/org/wfanet/measurement/kingdom/deploy/gcloud/spanner:SpannerPublicKeysServiceTest
❌ FAILED: //src/test/kotlin/org/wfanet/measurement/kingdom/deploy/gcloud/spanner:SpannerRecurringExchangesServiceTest
❌ FAILED: //src/test/kotlin/org/wfanet/measurement/kingdom/deploy/gcloud/spanner:SpannerRequisitionsServiceTest
❌ FAILED: //src/test/kotlin/org/wfanet/measurement/kingdom/deploy/gcloud/spanner/writers:SpannerWriterTest
❌ FAILED: //src/test/kotlin/org/wfanet/measurement/kingdom/service/api/v2alpha:AccountsServiceTest
❌ FAILED: //src/test/kotlin/org/wfanet/measurement/kingdom/service/api/v2alpha:ApiKeysServiceTest
❌ FAILED: //src/test/kotlin/org/wfanet/measurement/kingdom/service/api/v2alpha:CertificatesServiceTest
❌ FAILED: //src/test/kotlin/org/wfanet/measurement/kingdom/service/api/v2alpha:DataProvidersServiceTest
❌ FAILED: //src/test/kotlin/org/wfanet/measurement/kingdom/service/api/v2alpha:EventGroupMetadataDescriptorsServiceTest
❌ FAILED: //src/test/kotlin/org/wfanet/measurement/kingdom/service/api/v2alpha:EventGroupsServiceTest
❌ FAILED: //src/test/kotlin/org/wfanet/measurement/kingdom/service/api/v2alpha:ExchangeStepAttemptsServiceTest
❌ FAILED: //src/test/kotlin/org/wfanet/measurement/kingdom/service/api/v2alpha:ExchangeStepsServiceTest
❌ FAILED: //src/test/kotlin/org/wfanet/measurement/kingdom/service/api/v2alpha:ExchangesServiceTest
❌ FAILED: //src/test/kotlin/org/wfanet/measurement/kingdom/service/api/v2alpha:MeasurementConsumersServiceTest
❌ FAILED: //src/test/kotlin/org/wfanet/measurement/kingdom/service/api/v2alpha:MeasurementsServiceTest
❌ FAILED: //src/test/kotlin/org/wfanet/measurement/kingdom/service/api/v2alpha:ModelLinesServiceTest
❌ FAILED: //src/test/kotlin/org/wfanet/measurement/kingdom/service/api/v2alpha:ModelOutagesServiceTest
❌ FAILED: //src/test/kotlin/org/wfanet/measurement/kingdom/service/api/v2alpha:ModelReleasesServiceTest
❌ FAILED: //src/test/kotlin/org/wfanet/measurement/kingdom/service/api/v2alpha:ModelRolloutsServiceTest
❌ FAILED: //src/test/kotlin/org/wfanet/measurement/kingdom/service/api/v2alpha:ModelShardsServiceTest
❌ FAILED: //src/test/kotlin/org/wfanet/measurement/kingdom/service/api/v2alpha:ModelSuitesServiceTest
❌ FAILED: //src/test/kotlin/org/wfanet/measurement/kingdom/service/api/v2alpha:PopulationsServiceTest
❌ FAILED: //src/test/kotlin/org/wfanet/measurement/kingdom/service/api/v2alpha:ProtoConversionsTest
❌ FAILED: //src/test/kotlin/org/wfanet/measurement/kingdom/service/api/v2alpha:PublicKeysServiceTest
❌ FAILED: //src/test/kotlin/org/wfanet/measurement/kingdom/service/api/v2alpha:RequisitionsServiceTest
❌ FAILED: //src/test/kotlin/org/wfanet/measurement/loadtest/dataprovider:EdpSimulatorTest
❌ FAILED: //src/test/kotlin/org/wfanet/measurement/loadtest/dataprovider:PopulationRequisitionFulfillerTest
❌ FAILED: //src/test/kotlin/org/wfanet/measurement/reporting/deploy/v2/gcloud/spanner:ReportingSchemaTest
❌ FAILED: //src/test/kotlin/org/wfanet/measurement/reporting/deploy/v2/gcloud/spanner:SpannerBasicReportsServiceTest
❌ FAILED: //src/test/kotlin/org/wfanet/measurement/reporting/postprocessing/v2alpha:report_processor_test
❌ FAILED: //src/test/kotlin/org/wfanet/measurement/reporting/service/api/v2alpha:BasicReportsServiceTest
❌ FAILED: //src/test/kotlin/org/wfanet/measurement/reporting/service/api/v2alpha:ImpressionQualificationFiltersServiceTest
❌ FAILED: //src/test/kotlin/org/wfanet/measurement/reporting/service/api/v2alpha:MetricsServiceTest
❌ FAILED: //src/test/kotlin/org/wfanet/measurement/reporting/service/api/v2alpha:ReportingSetsServiceTest
❌ FAILED: //src/test/kotlin/org/wfanet/measurement/reporting/service/api/v2alpha:ReportsServiceTest
❌ FAILED: //src/test/kotlin/org/wfanet/measurement/securecomputation/deploy/gcloud/spanner:SecurecomputationSchemaTest
❌ FAILED: //src/test/kotlin/org/wfanet/measurement/securecomputation/deploy/gcloud/spanner:SpannerWorkItemAttemptsServiceTest
❌ FAILED: //src/test/kotlin/org/wfanet/measurement/securecomputation/deploy/gcloud/spanner:SpannerWorkItemsServiceTest
❌ FAILED: //src/test/kotlin/org/wfanet/measurement/securecomputation/teesdk:BaseTeeApplicationTest
❌ FAILED: //src/test/kotlin/org/wfanet/panelmatch/client/common/compression:DefaultCompressionParametersTest
❌ FAILED: //src/test/kotlin/org/wfanet/panelmatch/client/deploy:ExchangeWorkflowDaemonTest
❌ FAILED: //src/test/kotlin/org/wfanet/panelmatch/client/deploy:ProductionExchangeTaskMapperTest
❌ FAILED: //src/test/kotlin/org/wfanet/panelmatch/client/eventpreprocessing:BatchingDoFnTest
❌ FAILED: //src/test/kotlin/org/wfanet/panelmatch/client/eventpreprocessing:EventSizeTest
❌ FAILED: //src/test/kotlin/org/wfanet/panelmatch/client/eventpreprocessing:JniEncryptEventsTest
❌ FAILED: //src/test/kotlin/org/wfanet/panelmatch/client/eventpreprocessing:JniEventPreprocessorTest
❌ FAILED: //src/test/kotlin/org/wfanet/panelmatch/client/eventpreprocessing:PreprocessEventsTest
❌ FAILED: //src/test/kotlin/org/wfanet/panelmatch/client/eventpreprocessing/testing:FakeEncryptEventsDoFnTest
❌ FAILED: //src/test/kotlin/org/wfanet/panelmatch/client/eventpreprocessing/testing:FakeEventPreprocessorTest
❌ FAILED: //src/test/kotlin/org/wfanet/panelmatch/client/exchangetasks:ApacheBeamContextTest
❌ FAILED: //src/test/kotlin/org/wfanet/panelmatch/client/exchangetasks:AssignJoinKeyIdsTaskTest
❌ FAILED: //src/test/kotlin/org/wfanet/panelmatch/client/exchangetasks:CopyFromSharedStorageTaskTest
❌ FAILED: //src/test/kotlin/org/wfanet/panelmatch/client/exchangetasks:CopyToSharedStorageTaskTest
❌ FAILED: //src/test/kotlin/org/wfanet/panelmatch/client/exchangetasks:DeterministicCommutativeCipherTaskTest
❌ FAILED: //src/test/kotlin/org/wfanet/panelmatch/client/exchangetasks:ExchangeTaskFailedExceptionTest
❌ FAILED: //src/test/kotlin/org/wfanet/panelmatch/client/exchangetasks:ExchangeTaskMapperTest
❌ FAILED: //src/test/kotlin/org/wfanet/panelmatch/client/exchangetasks:GenerateAsymmetricKeyPairTaskTest
❌ FAILED: //src/test/kotlin/org/wfanet/panelmatch/client/exchangetasks:HybridCryptorTasksTest
❌ FAILED: //src/test/kotlin/org/wfanet/panelmatch/client/exchangetasks:InputTaskTest
❌ FAILED: //src/test/kotlin/org/wfanet/panelmatch/client/exchangetasks:IntersectValidateTaskTest
❌ FAILED: //src/test/kotlin/org/wfanet/panelmatch/client/exchangetasks:JoinKeyHashingExchangeTaskTest
❌ FAILED: //src/test/kotlin/org/wfanet/panelmatch/client/launcher:ApiClientsTest
❌ FAILED: //src/test/kotlin/org/wfanet/panelmatch/client/launcher:ExchangeStepValidatorImplTest
❌ FAILED: //src/test/kotlin/org/wfanet/panelmatch/client/launcher:ExchangeTaskExecutorTest
❌ FAILED: //src/test/kotlin/org/wfanet/panelmatch/client/launcher:GrpcApiClientTest
❌ FAILED: //src/test/kotlin/org/wfanet/panelmatch/client/launcher:KingdomlessApiClientTest
❌ FAILED: //src/test/kotlin/org/wfanet/panelmatch/client/privatemembership:BucketingTest
❌ FAILED: //src/test/kotlin/org/wfanet/panelmatch/client/privatemembership:DecryptQueryResultsTest
❌ FAILED: //src/test/kotlin/org/wfanet/panelmatch/client/privatemembership:EvaluateQueriesTest
❌ FAILED: //src/test/kotlin/org/wfanet/panelmatch/client/privatemembership:JniEvaluateQueriesEndToEndTest
❌ FAILED: //src/test/kotlin/org/wfanet/panelmatch/client/privatemembership:JniPrivateMembershipCryptorTest
❌ FAILED: //src/test/kotlin/org/wfanet/panelmatch/client/privatemembership:JniQueryEvaluatorTest
❌ FAILED: //src/test/kotlin/org/wfanet/panelmatch/client/privatemembership:JniQueryPreparerTest
❌ FAILED: //src/test/kotlin/org/wfanet/panelmatch/client/privatemembership:QueryIdGeneratorTest
❌ FAILED: //src/test/kotlin/org/wfanet/panelmatch/client/privatemembership/testing:PlaintextCreateQueriesTest
❌ FAILED: //src/test/kotlin/org/wfanet/panelmatch/client/privatemembership/testing:PlaintextEvaluateQueriesEndToEndTest
❌ FAILED: //src/test/kotlin/org/wfanet/panelmatch/client/privatemembership/testing:PlaintextPrivateMembershipCryptorTest
❌ FAILED: //src/test/kotlin/org/wfanet/panelmatch/client/privatemembership/testing:PlaintextQueryEvaluatorTest
❌ FAILED: //src/test/kotlin/org/wfanet/panelmatch/client/privatemembership/testing:PlaintextQueryPreparerTest
❌ FAILED: //src/test/kotlin/org/wfanet/panelmatch/client/privatemembership/testing:PlaintextQueryResultsDecryptorTest
❌ FAILED: //src/test/kotlin/org/wfanet/panelmatch/common/beam:BeamTest
❌ FAILED: //src/test/kotlin/org/wfanet/panelmatch/common/beam:WriteShardedDataTest
❌ FAILED: //src/test/kotlin/org/wfanet/panelmatch/integration:DoubleBlindWorkflowTest
❌ FAILED: //src/test/kotlin/org/wfanet/panelmatch/integration:FullWithPreprocessingTest
❌ FAILED: //src/test/kotlin/org/wfanet/panelmatch/integration:FullWorkflowTest
❌ FAILED: //src/test/kotlin/org/wfanet/panelmatch/integration:MiniWorkflowTest
❌ FAILED: //src/test/kotlin/org/wfanet/panelmatch/integration:SingleStepTest
❌ FAILED: //src/test/kotlin/org/wfanet/panelmatch/integration/k8s:EmptyClusterPanelMatchCorrectnessTest
❌ FAILED: //src/test/kotlin/org_edited/wfanet/measurement/access/deploy/gcloud/spanner:AccessSchemaTest
❌ FAILED: //src/test/kotlin/org_edited/wfanet/measurement/access/deploy/gcloud/spanner:SpannerPermissionsServiceTest
❌ FAILED: //src/test/kotlin/org_edited/wfanet/measurement/access/deploy/gcloud/spanner:SpannerPoliciesServiceTest
❌ FAILED: //src/test/kotlin/org_edited/wfanet/measurement/access/deploy/gcloud/spanner:SpannerPrincipalsServiceTest
❌ FAILED: //src/test/kotlin/org_edited/wfanet/measurement/access/deploy/gcloud/spanner:SpannerRolesServiceTest
❌ FAILED: //src/test/kotlin/org_edited/wfanet/measurement/access/deploy/tools:AccessTest
❌ FAILED: //src/test/kotlin/org_edited/wfanet/measurement/access/service/v1alpha:PermissionsServiceTest
❌ FAILED: //src/test/kotlin/org_edited/wfanet/measurement/access/service/v1alpha:PoliciesServiceTest
❌ FAILED: //src/test/kotlin/org_edited/wfanet/measurement/access/service/v1alpha:PrincipalsServiceTest
❌ FAILED: //src/test/kotlin/org_edited/wfanet/measurement/access/service/v1alpha:RolesServiceTest
❌ FAILED: //src/test/kotlin/org_edited/wfanet/measurement/api/v2alpha/testing:MeasurementResultSubjectTest
❌ FAILED: //src/test/kotlin/org_edited/wfanet/measurement/api/v2alpha/tools:EventTemplateValidatorTest
❌ FAILED: //src/test/kotlin/org_edited/wfanet/measurement/api/v2alpha/tools:MeasurementSystemTest
❌ FAILED: //src/test/kotlin/org_edited/wfanet/measurement/common/api:ETagsTest
❌ FAILED: //src/test/kotlin/org_edited/wfanet/measurement/common/grpc:PrincipalRateLimitingServerInterceptorTest
❌ FAILED: //src/test/kotlin/org_edited/wfanet/measurement/common/ratelimit:TokenBucketTest
❌ FAILED: //src/test/kotlin/org_edited/wfanet/measurement/common/throttler:MaximumRateThrottlerTest
❌ FAILED: //src/test/kotlin/org_edited/wfanet/measurement/dataprovider:MeasurementResultsTest
❌ FAILED: //src/test/kotlin/org_edited/wfanet/measurement/duchy/db/computation:ComputationDataClientsTest
❌ FAILED: //src/test/kotlin/org_edited/wfanet/measurement/duchy/db/computation:ComputationTypesTest
❌ FAILED: //src/test/kotlin/org_edited/wfanet/measurement/duchy/db/computation:ComputationsEnumHelperTest
❌ FAILED: //src/test/kotlin/org_edited/wfanet/measurement/duchy/db/computation:HonestMajorityShareShuffleProtocolEnumStagesDetailsTest
❌ FAILED: //src/test/kotlin/org_edited/wfanet/measurement/duchy/db/computation:HonestMajorityShareShuffleProtocolEnumStagesTest
❌ FAILED: //src/test/kotlin/org_edited/wfanet/measurement/duchy/db/computation:LiquidLegionsSketchAggregationV2ProtocolEnumStagesDetailsTest
❌ FAILED: //src/test/kotlin/org_edited/wfanet/measurement/duchy/db/computation:LiquidLegionsSketchAggregationV2ProtocolEnumStagesTest
❌ FAILED: //src/test/kotlin/org_edited/wfanet/measurement/duchy/db/computation:ReachOnlyLiquidLegionsSketchAggregationV2ProtocolEnumStagesDetailsTest
❌ FAILED: //src/test/kotlin/org_edited/wfanet/measurement/duchy/db/computation:ReachOnlyLiquidLegionsSketchAggregationV2ProtocolEnumStagesTest
❌ FAILED: //src/test/kotlin/org_edited/wfanet/measurement/duchy/deploy/common/daemon/mill:MillJobSchedulerTest
❌ FAILED: //src/test/kotlin/org_edited/wfanet/measurement/duchy/deploy/common/postgres:DuchySchemaTest
❌ FAILED: //src/test/kotlin/org_edited/wfanet/measurement/duchy/deploy/common/postgres:PostgresComputationStatsServiceTest
❌ FAILED: //src/test/kotlin/org_edited/wfanet/measurement/duchy/deploy/common/postgres:PostgresComputationsServiceTest
❌ FAILED: //src/test/kotlin/org_edited/wfanet/measurement/duchy/deploy/common/postgres:PostgresContinuationTokensServiceTest
❌ FAILED: //src/test/kotlin/org_edited/wfanet/measurement/duchy/deploy/gcloud/spanner/computation:ComputationsSchemaTest
❌ FAILED: //src/test/kotlin/org_edited/wfanet/measurement/duchy/deploy/gcloud/spanner/computation:GcpSpannerComputationsDatabaseReaderTest
❌ FAILED: //src/test/kotlin/org_edited/wfanet/measurement/duchy/deploy/gcloud/spanner/computation:GcpSpannerComputationsDatabaseTransactorTest
❌ FAILED: //src/test/kotlin/org_edited/wfanet/measurement/duchy/deploy/gcloud/spanner/computation:SpannerComputationStatsServiceTest
❌ FAILED: //src/test/kotlin/org_edited/wfanet/measurement/duchy/deploy/gcloud/spanner/computation:SpannerComputationsServiceTest
❌ FAILED: //src/test/kotlin/org_edited/wfanet/measurement/duchy/deploy/gcloud/spanner/continuationtoken:SpannerContinuationTokensServiceTest
❌ FAILED: //src/test/kotlin/org_edited/wfanet/measurement/duchy/herald:ContinuationTokenManagerTest
❌ FAILED: //src/test/kotlin/org_edited/wfanet/measurement/duchy/herald:HeraldTest
❌ FAILED: //src/test/kotlin/org_edited/wfanet/measurement/duchy/mill/liquidlegionsv2:ReachFrequencyLiquidLegionsV2MillTest
❌ FAILED: //src/test/kotlin/org_edited/wfanet/measurement/duchy/mill/liquidlegionsv2:ReachOnlyLiquidLegionsV2MillTest
❌ FAILED: //src/test/kotlin/org_edited/wfanet/measurement/duchy/mill/liquidlegionsv2/crypto:LiquidLegionsV2EncryptionUtilityTest
❌ FAILED: //src/test/kotlin/org_edited/wfanet/measurement/duchy/mill/liquidlegionsv2/crypto:ReachOnlyLiquidLegionsV2EncryptionUtilityTest
❌ FAILED: //src/test/kotlin/org_edited/wfanet/measurement/duchy/mill/shareshuffle:HonestMajorityShareShuffleMillTest
❌ FAILED: //src/test/kotlin/org_edited/wfanet/measurement/duchy/service/api/v2alpha:RequisitionFulfillmentServiceTest
❌ FAILED: //src/test/kotlin/org_edited/wfanet/measurement/duchy/service/internal/computationcontrol:AsyncComputationControlServiceTest
❌ FAILED: //src/test/kotlin/org_edited/wfanet/measurement/duchy/service/internal/computationcontrol:HonestMajorityShareShuffleStagesTest
❌ FAILED: //src/test/kotlin/org_edited/wfanet/measurement/duchy/service/internal/computationcontrol:LiquidLegionsV2StagesTest
❌ FAILED: //src/test/kotlin/org_edited/wfanet/measurement/duchy/service/internal/computationcontrol:ReachOnlyLiquidLegionsV2StagesTest
❌ FAILED: //src/test/kotlin/org_edited/wfanet/measurement/duchy/service/internal/computations:ComputationsServiceTest
❌ FAILED: //src/test/kotlin/org_edited/wfanet/measurement/duchy/service/internal/computationstats:ComputationStatsServiceTest
❌ FAILED: //src/test/kotlin/org_edited/wfanet/measurement/duchy/service/system/v1alpha:ComputationControlServiceTest
❌ FAILED: //src/test/kotlin/org_edited/wfanet/measurement/duchy/utils:DuchyOrderTest
❌ FAILED: //src/test/kotlin/org_edited/wfanet/measurement/edpaggregator/deploy/gcloud/eventgroups:EventGroupSyncFunctionTest
❌ FAILED: //src/test/kotlin/org_edited/wfanet/measurement/edpaggregator/deploy/gcloud/requisitionfetcher:RequisitionFetcherFunctionTest
❌ FAILED: //src/test/kotlin/org_edited/wfanet/measurement/edpaggregator/eventgroups:EventGroupSyncTest
❌ FAILED: //src/test/kotlin/org_edited/wfanet/measurement/edpaggregator/requisitionfetcher:RequisitionFetcherTest
❌ FAILED: //src/test/kotlin/org_edited/wfanet/measurement/edpaggregator/requisitionfetcher:RequisitionGrouperByReportIdTest
❌ FAILED: //src/test/kotlin/org_edited/wfanet/measurement/edpaggregator/requisitionfetcher:RequisitionsValidatorTest
❌ FAILED: //src/test/kotlin/org_edited/wfanet/measurement/edpaggregator/requisitionfetcher:SingleRequisitionGrouperTest
❌ FAILED: //src/test/kotlin/org_edited/wfanet/measurement/edpaggregator/resultsfulfiller:EventReaderTest
❌ FAILED: //src/test/kotlin/org_edited/wfanet/measurement/edpaggregator/resultsfulfiller:RequisitionSpecsTest
❌ FAILED: //src/test/kotlin/org_edited/wfanet/measurement/edpaggregator/resultsfulfiller:ResultsFulfillerAppTest
❌ FAILED: //src/test/kotlin/org_edited/wfanet/measurement/edpaggregator/resultsfulfiller:ResultsFulfillerTest
❌ FAILED: //src/test/kotlin/org_edited/wfanet/measurement/edpaggregator/resultsfulfiller:VidFilterTest
❌ FAILED: //src/test/kotlin/org_edited/wfanet/measurement/edpaggregator/resultsfulfiller/compute/protocols/direct:DirectMeasurementResultFactoryTest
❌ FAILED: //src/test/kotlin/org_edited/wfanet/measurement/edpaggregator/resultsfulfiller/compute/protocols/direct:DirectReachAndFrequencyResultBuilderTest
❌ FAILED: //src/test/kotlin/org_edited/wfanet/measurement/edpaggregator/resultsfulfiller/fulfillers:DirectMeasurementFulfillerTest
❌ FAILED: //src/test/kotlin/org_edited/wfanet/measurement/eventdataprovider/eventfiltration/validation:EventFilterValidatorTest
❌ FAILED: //src/test/kotlin/org_edited/wfanet/measurement/eventdataprovider/noiser:GaussianNoiserTest
❌ FAILED: //src/test/kotlin/org_edited/wfanet/measurement/eventdataprovider/noiser:LaplaceNoiserTest
❌ FAILED: //src/test/kotlin/org_edited/wfanet/measurement/eventdataprovider/privacybudgetmanagement:AcdpParamsConverterTest
❌ FAILED: //src/test/kotlin/org_edited/wfanet/measurement/eventdataprovider/privacybudgetmanagement:CompositionTest
❌ FAILED: //src/test/kotlin/org_edited/wfanet/measurement/eventdataprovider/privacybudgetmanagement:InMemoryBackingStoreTest
❌ FAILED: //src/test/kotlin/org_edited/wfanet/measurement/eventdataprovider/privacybudgetmanagement:PrivacyBucketFilterTest
❌ FAILED: //src/test/kotlin/org_edited/wfanet/measurement/eventdataprovider/privacybudgetmanagement:PrivacyBucketGroupTest
❌ FAILED: //src/test/kotlin/org_edited/wfanet/measurement/eventdataprovider/privacybudgetmanagement:PrivacyBudgetLedgerTest
❌ FAILED: //src/test/kotlin/org_edited/wfanet/measurement/eventdataprovider/privacybudgetmanagement:PrivacyBudgetManagerTest
❌ FAILED: //src/test/kotlin/org_edited/wfanet/measurement/eventdataprovider/privacybudgetmanagement/api/v2alpha:PrivacyQueryMapperTest
❌ FAILED: //src/test/kotlin/org_edited/wfanet/measurement/eventdataprovider/privacybudgetmanagement/deploy/common/postgres:PostgresBackingStoreTest
❌ FAILED: //src/test/kotlin/org_edited/wfanet/measurement/eventdataprovider/shareshuffle:NativeTest
❌ FAILED: //src/test/kotlin/org_edited/wfanet/measurement/eventdataprovider/shareshuffle/v2alpha:FrequencyVectorBuilderTest
❌ FAILED: //src/test/kotlin/org_edited/wfanet/measurement/eventdataprovider/shareshuffle/v2alpha:FulfillRequisitionRequestBuilderTest
❌ FAILED: //src/test/kotlin/org_edited/wfanet/measurement/eventdataprovider/shareshuffle/v2alpha:InMemoryVidIndexMapTest
❌ FAILED: //src/test/kotlin/org_edited/wfanet/measurement/integration/deploy/gcloud:GCloudInProcessAccessCliIntegrationTest
❌ FAILED: //src/test/kotlin/org_edited/wfanet/measurement/integration/deploy/gcloud:GCloudInProcessLifeOfAReportV2IntegrationTest
❌ FAILED: //src/test/kotlin/org_edited/wfanet/measurement/integration/deploy/gcloud:GCloudInProcessLifeOfAnEventGroupIntegrationTest
❌ FAILED: //src/test/kotlin/org_edited/wfanet/measurement/integration/deploy/gcloud:GCloudInProcessModelRepositoryCliIntegrationTest
❌ FAILED: //src/test/kotlin/org_edited/wfanet/measurement/integration/deploy/gcloud:GCloudInProcessReportingEventGroupsTest
❌ FAILED: //src/test/kotlin/org_edited/wfanet/measurement/integration/deploy/gcloud:GCloudPostgresInProcessLifeOfAMeasurementIntegrationTest
❌ FAILED: //src/test/kotlin/org_edited/wfanet/measurement/integration/deploy/gcloud:GCloudSpannerInProcessLifeOfAMeasurementIntegrationTest
❌ FAILED: //src/test/kotlin/org_edited/wfanet/measurement/integration/deploy/gcloud:GCloudSpannerInProcessMeasurementSystemProberIntegrationTest
❌ FAILED: //src/test/kotlin/org_edited/wfanet/measurement/integration/deploy/gcloud:GCloudSpannerInProcessReachMeasurementAccuracyTest
❌ FAILED: //src/test/kotlin/org_edited/wfanet/measurement/integration/k8s:EmptyClusterCorrectnessTest
❌ FAILED: //src/test/kotlin/org_edited/wfanet/measurement/integration/k8s:SyntheticGeneratorCorrectnessTest
❌ FAILED: //src/test/kotlin/org_edited/wfanet/measurement/kingdom/batch:MeasurementSystemProberTest
❌ FAILED: //src/test/kotlin/org_edited/wfanet/measurement/kingdom/deploy/gcloud/spanner:KingdomSchemaTest
❌ FAILED: //src/test/kotlin/org_edited/wfanet/measurement/kingdom/deploy/gcloud/spanner:SpannerAccountsServiceTest
❌ FAILED: //src/test/kotlin/org_edited/wfanet/measurement/kingdom/deploy/gcloud/spanner:SpannerApiKeysServiceTest
❌ FAILED: //src/test/kotlin/org_edited/wfanet/measurement/kingdom/deploy/gcloud/spanner:SpannerCertificatesServiceTest
❌ FAILED: //src/test/kotlin/org_edited/wfanet/measurement/kingdom/deploy/gcloud/spanner:SpannerComputationParticipantsServiceTest
❌ FAILED: //src/test/kotlin/org_edited/wfanet/measurement/kingdom/deploy/gcloud/spanner:SpannerDataProvidersServiceTest
❌ FAILED: //src/test/kotlin/org_edited/wfanet/measurement/kingdom/deploy/gcloud/spanner:SpannerEventGroupMetadataDescriptorsServiceTest
❌ FAILED: //src/test/kotlin/org_edited/wfanet/measurement/kingdom/deploy/gcloud/spanner:SpannerEventGroupsServiceTest
❌ FAILED: //src/test/kotlin/org_edited/wfanet/measurement/kingdom/deploy/gcloud/spanner:SpannerExchangeStepAttemptsServiceTest
❌ FAILED: //src/test/kotlin/org_edited/wfanet/measurement/kingdom/deploy/gcloud/spanner:SpannerExchangeStepsServiceTest
❌ FAILED: //src/test/kotlin/org_edited/wfanet/measurement/kingdom/deploy/gcloud/spanner:SpannerExchangesServiceTest
❌ FAILED: //src/test/kotlin/org_edited/wfanet/measurement/kingdom/deploy/gcloud/spanner:SpannerMeasurementConsumersServiceTest
❌ FAILED: //src/test/kotlin/org_edited/wfanet/measurement/kingdom/deploy/gcloud/spanner:SpannerMeasurementLogEntriesServiceTest
❌ FAILED: //src/test/kotlin/org_edited/wfanet/measurement/kingdom/deploy/gcloud/spanner:SpannerMeasurementsServiceTest
❌ FAILED: //src/test/kotlin/org_edited/wfanet/measurement/kingdom/deploy/gcloud/spanner:SpannerModelLinesServiceTest
❌ FAILED: //src/test/kotlin/org_edited/wfanet/measurement/kingdom/deploy/gcloud/spanner:SpannerModelOutagesServiceTest
❌ FAILED: //src/test/kotlin/org_edited/wfanet/measurement/kingdom/deploy/gcloud/spanner:SpannerModelProvidersServiceTest
❌ FAILED: //src/test/kotlin/org_edited/wfanet/measurement/kingdom/deploy/gcloud/spanner:SpannerModelReleasesServiceTest
❌ FAILED: //src/test/kotlin/org_edited/wfanet/measurement/kingdom/deploy/gcloud/spanner:SpannerModelRolloutsServiceTest
❌ FAILED: //src/test/kotlin/org_edited/wfanet/measurement/kingdom/deploy/gcloud/spanner:SpannerModelShardsServiceTest
❌ FAILED: //src/test/kotlin/org_edited/wfanet/measurement/kingdom/deploy/gcloud/spanner:SpannerModelSuitesServiceTest
❌ FAILED: //src/test/kotlin/org_edited/wfanet/measurement/kingdom/deploy/gcloud/spanner:SpannerPopulationsServiceTest
❌ FAILED: //src/test/kotlin/org_edited/wfanet/measurement/kingdom/deploy/gcloud/spanner:SpannerPublicKeysServiceTest
❌ FAILED: //src/test/kotlin/org_edited/wfanet/measurement/kingdom/deploy/gcloud/spanner:SpannerRecurringExchangesServiceTest
❌ FAILED: //src/test/kotlin/org_edited/wfanet/measurement/kingdom/deploy/gcloud/spanner:SpannerRequisitionsServiceTest
❌ FAILED: //src/test/kotlin/org_edited/wfanet/measurement/kingdom/deploy/gcloud/spanner/writers:SpannerWriterTest
❌ FAILED: //src/test/kotlin/org_edited/wfanet/measurement/kingdom/deploy/tools:ModelRepositoryTest
❌ FAILED: //src/test/kotlin/org_edited/wfanet/measurement/kingdom/service/api/v2alpha:AccountsServiceTest
❌ FAILED: //src/test/kotlin/org_edited/wfanet/measurement/kingdom/service/api/v2alpha:ApiKeysServiceTest
❌ FAILED: //src/test/kotlin/org_edited/wfanet/measurement/kingdom/service/api/v2alpha:CertificatesServiceTest
❌ FAILED: //src/test/kotlin/org_edited/wfanet/measurement/kingdom/service/api/v2alpha:DataProvidersServiceTest
❌ FAILED: //src/test/kotlin/org_edited/wfanet/measurement/kingdom/service/api/v2alpha:EventGroupMetadataDescriptorsServiceTest
❌ FAILED: //src/test/kotlin/org_edited/wfanet/measurement/kingdom/service/api/v2alpha:EventGroupsServiceTest
❌ FAILED: //src/test/kotlin/org_edited/wfanet/measurement/kingdom/service/api/v2alpha:ExchangeStepAttemptsServiceTest
❌ FAILED: //src/test/kotlin/org_edited/wfanet/measurement/kingdom/service/api/v2alpha:ExchangeStepsServiceTest
❌ FAILED: //src/test/kotlin/org_edited/wfanet/measurement/kingdom/service/api/v2alpha:ExchangesServiceTest
❌ FAILED: //src/test/kotlin/org_edited/wfanet/measurement/kingdom/service/api/v2alpha:MeasurementConsumersServiceTest
❌ FAILED: //src/test/kotlin/org_edited/wfanet/measurement/kingdom/service/api/v2alpha:MeasurementsServiceTest
❌ FAILED: //src/test/kotlin/org_edited/wfanet/measurement/kingdom/service/api/v2alpha:ModelLinesServiceTest
❌ FAILED: //src/test/kotlin/org_edited/wfanet/measurement/kingdom/service/api/v2alpha:ModelOutagesServiceTest
❌ FAILED: //src/test/kotlin/org_edited/wfanet/measurement/kingdom/service/api/v2alpha:ModelProvidersServiceTest
❌ FAILED: //src/test/kotlin/org_edited/wfanet/measurement/kingdom/service/api/v2alpha:ModelReleasesServiceTest
❌ FAILED: //src/test/kotlin/org_edited/wfanet/measurement/kingdom/service/api/v2alpha:ModelRolloutsServiceTest
❌ FAILED: //src/test/kotlin/org_edited/wfanet/measurement/kingdom/service/api/v2alpha:ModelShardsServiceTest
❌ FAILED: //src/test/kotlin/org_edited/wfanet/measurement/kingdom/service/api/v2alpha:ModelSuitesServiceTest
❌ FAILED: //src/test/kotlin/org_edited/wfanet/measurement/kingdom/service/api/v2alpha:PopulationsServiceTest
❌ FAILED: //src/test/kotlin/org_edited/wfanet/measurement/kingdom/service/api/v2alpha:ProtoConversionsTest
❌ FAILED: //src/test/kotlin/org_edited/wfanet/measurement/kingdom/service/api/v2alpha:PublicKeysServiceTest
❌ FAILED: //src/test/kotlin/org_edited/wfanet/measurement/kingdom/service/api/v2alpha:RequisitionsServiceTest
❌ FAILED: //src/test/kotlin/org_edited/wfanet/measurement/kingdom/service/system/v1alpha:ComputationLogEntriesServiceTest
❌ FAILED: //src/test/kotlin/org_edited/wfanet/measurement/kingdom/service/system/v1alpha:ComputationParticipantsServiceTest
❌ FAILED: //src/test/kotlin/org_edited/wfanet/measurement/kingdom/service/system/v1alpha:ComputationsServiceTest
❌ FAILED: //src/test/kotlin/org_edited/wfanet/measurement/kingdom/service/system/v1alpha:RequisitionsServiceTest
❌ FAILED: //src/test/kotlin/org_edited/wfanet/measurement/loadtest/dataprovider:EdpSimulatorTest
❌ FAILED: //src/test/kotlin/org_edited/wfanet/measurement/loadtest/dataprovider:PopulationRequisitionFulfillerTest
❌ FAILED: //src/test/kotlin/org_edited/wfanet/measurement/loadtest/dataprovider:SyntheticDataGenerationTest
❌ FAILED: //src/test/kotlin/org_edited/wfanet/measurement/loadtest/dataprovider:VidToIndexMapGeneratorTest
❌ FAILED: //src/test/kotlin/org_edited/wfanet/measurement/loadtest/edpaggregator/testing:ImpressionWriterTest
❌ FAILED: //src/test/kotlin/org_edited/wfanet/measurement/loadtest/measurementconsumer:MetadataSyntheticGeneratorEventQueryTest
❌ FAILED: //src/test/kotlin/org_edited/wfanet/measurement/privacybudgetmanager:landscape_processor_test
❌ FAILED: //src/test/kotlin/org_edited/wfanet/measurement/privacybudgetmanager:privacy_budget_manager_test
❌ FAILED: //src/test/kotlin/org_edited/wfanet/measurement/privacybudgetmanager:slice_test
❌ FAILED: //src/test/kotlin/org_edited/wfanet/measurement/privacybudgetmanager/deploy/postgres:postgres_ledger_test
❌ FAILED: //src/test/kotlin/org_edited/wfanet/measurement/reporting/deploy/v2/common/service:ImpressionQualificationFiltersServiceTest
❌ FAILED: //src/test/kotlin/org_edited/wfanet/measurement/reporting/deploy/v2/gcloud/spanner:ReportingSchemaTest
❌ FAILED: //src/test/kotlin/org_edited/wfanet/measurement/reporting/deploy/v2/gcloud/spanner:SpannerBasicReportsServiceTest
❌ FAILED: //src/test/kotlin/org_edited/wfanet/measurement/reporting/deploy/v2/postgres:PostgresMeasurementConsumersServiceTest
❌ FAILED: //src/test/kotlin/org_edited/wfanet/measurement/reporting/deploy/v2/postgres:PostgresMeasurementsServiceTest
❌ FAILED: //src/test/kotlin/org_edited/wfanet/measurement/reporting/deploy/v2/postgres:PostgresMetricCalculationSpecsServiceTest
❌ FAILED: //src/test/kotlin/org_edited/wfanet/measurement/reporting/deploy/v2/postgres:PostgresMetricsServiceTest
❌ FAILED: //src/test/kotlin/org_edited/wfanet/measurement/reporting/deploy/v2/postgres:PostgresReportScheduleIterationsServiceTest
❌ FAILED: //src/test/kotlin/org_edited/wfanet/measurement/reporting/deploy/v2/postgres:PostgresReportSchedulesServiceTest
❌ FAILED: //src/test/kotlin/org_edited/wfanet/measurement/reporting/deploy/v2/postgres:PostgresReportingSetsServiceTest
❌ FAILED: //src/test/kotlin/org_edited/wfanet/measurement/reporting/deploy/v2/postgres:PostgresReportsServiceTest
❌ FAILED: //src/test/kotlin/org_edited/wfanet/measurement/reporting/service/api:CelEnvProviderTest
❌ FAILED: //src/test/kotlin/org_edited/wfanet/measurement/reporting/service/api:EncryptionKeyPairStoreTest
❌ FAILED: //src/test/kotlin/org_edited/wfanet/measurement/reporting/service/api:SubmitBatchRequestsTest
❌ FAILED: //src/test/kotlin/org_edited/wfanet/measurement/reporting/service/api/v2alpha:BasicReportsServiceTest
❌ FAILED: //src/test/kotlin/org_edited/wfanet/measurement/reporting/service/api/v2alpha:DataProvidersServiceTest
❌ FAILED: //src/test/kotlin/org_edited/wfanet/measurement/reporting/service/api/v2alpha:EventGroupMetadataDescriptorsServiceTest
❌ FAILED: //src/test/kotlin/org_edited/wfanet/measurement/reporting/service/api/v2alpha:ImpressionQualificationFiltersServiceTest
❌ FAILED: //src/test/kotlin/org_edited/wfanet/measurement/reporting/service/api/v2alpha/tools:ReportingTest
❌ FAILED: //src/test/kotlin/org_edited/wfanet/measurement/securecomputation/controlplane/v1alpha:WorkItemAttemptsServiceTest
❌ FAILED: //src/test/kotlin/org_edited/wfanet/measurement/securecomputation/controlplane/v1alpha:WorkItemsServiceTest
❌ FAILED: //src/test/kotlin/org_edited/wfanet/measurement/securecomputation/datawatcher:DataWatcherTest
❌ FAILED: //src/test/kotlin/org_edited/wfanet/measurement/securecomputation/datawatcher/testing:DataWatcherSubscribingStorageClientTest
❌ FAILED: //src/test/kotlin/org_edited/wfanet/measurement/securecomputation/deploy/gcloud/datawatcher:InvokeDataWatcherFunctionTest
❌ FAILED: //src/test/kotlin/org_edited/wfanet/measurement/securecomputation/deploy/gcloud/spanner:SecurecomputationSchemaTest
❌ FAILED: //src/test/kotlin/org_edited/wfanet/measurement/securecomputation/deploy/gcloud/spanner:SpannerWorkItemAttemptsServiceTest
❌ FAILED: //src/test/kotlin/org_edited/wfanet/measurement/securecomputation/deploy/gcloud/spanner:SpannerWorkItemsServiceTest
❌ FAILED: //src/test/kotlin/org_edited/wfanet/panelmatch/client/deploy:ExchangeWorkflowDaemonTest
❌ FAILED: //src/test/kotlin/org_edited/wfanet/panelmatch/client/deploy:ProductionExchangeTaskMapperTest
❌ FAILED: //src/test/kotlin/org_edited/wfanet/panelmatch/client/eventpreprocessing:BatchingDoFnTest
❌ FAILED: //src/test/kotlin/org_edited/wfanet/panelmatch/client/eventpreprocessing:EventSizeTest
❌ FAILED: //src/test/kotlin/org_edited/wfanet/panelmatch/client/eventpreprocessing:JniEncryptEventsTest
❌ FAILED: //src/test/kotlin/org_edited/wfanet/panelmatch/client/eventpreprocessing:JniEventPreprocessorTest
❌ FAILED: //src/test/kotlin/org_edited/wfanet/panelmatch/client/eventpreprocessing:PreprocessEventsTest
❌ FAILED: //src/test/kotlin/org_edited/wfanet/panelmatch/client/eventpreprocessing/testing:FakeEncryptEventsDoFnTest
❌ FAILED: //src/test/kotlin/org_edited/wfanet/panelmatch/client/eventpreprocessing/testing:FakeEventPreprocessorTest
❌ FAILED: //src/test/kotlin/org_edited/wfanet/panelmatch/client/exchangetasks:ApacheBeamContextTest
❌ FAILED: //src/test/kotlin/org_edited/wfanet/panelmatch/client/exchangetasks:AssignJoinKeyIdsTaskTest
❌ FAILED: //src/test/kotlin/org_edited/wfanet/panelmatch/client/exchangetasks:CopyFromSharedStorageTaskTest
❌ FAILED: //src/test/kotlin/org_edited/wfanet/panelmatch/client/exchangetasks:CopyToSharedStorageTaskTest
❌ FAILED: //src/test/kotlin/org_edited/wfanet/panelmatch/client/exchangetasks:DeterministicCommutativeCipherTaskTest
❌ FAILED: //src/test/kotlin/org_edited/wfanet/panelmatch/client/exchangetasks:ExchangeTaskFailedExceptionTest
❌ FAILED: //src/test/kotlin/org_edited/wfanet/panelmatch/client/exchangetasks:ExchangeTaskMapperTest
❌ FAILED: //src/test/kotlin/org_edited/wfanet/panelmatch/client/exchangetasks:GenerateAsymmetricKeyPairTaskTest
❌ FAILED: //src/test/kotlin/org_edited/wfanet/panelmatch/client/exchangetasks:HybridCryptorTasksTest
❌ FAILED: //src/test/kotlin/org_edited/wfanet/panelmatch/client/exchangetasks:InputTaskTest
❌ FAILED: //src/test/kotlin/org_edited/wfanet/panelmatch/client/exchangetasks:IntersectValidateTaskTest
❌ FAILED: //src/test/kotlin/org_edited/wfanet/panelmatch/client/exchangetasks:JoinKeyHashingExchangeTaskTest
❌ FAILED: //src/test/kotlin/org_edited/wfanet/panelmatch/client/launcher:ApiClientsTest
❌ FAILED: //src/test/kotlin/org_edited/wfanet/panelmatch/client/launcher:ExchangeStepValidatorImplTest
❌ FAILED: //src/test/kotlin/org_edited/wfanet/panelmatch/client/launcher:ExchangeTaskExecutorTest
❌ FAILED: //src/test/kotlin/org_edited/wfanet/panelmatch/client/launcher:GrpcApiClientTest
❌ FAILED: //src/test/kotlin/org_edited/wfanet/panelmatch/client/launcher:KingdomlessApiClientTest
❌ FAILED: //src/test/kotlin/org_edited/wfanet/panelmatch/client/logger:LoggerTest
❌ FAILED: //src/test/kotlin/org_edited/wfanet/panelmatch/client/privatemembership:BucketingTest
❌ FAILED: //src/test/kotlin/org_edited/wfanet/panelmatch/client/privatemembership:DecryptQueryResultsTest
❌ FAILED: //src/test/kotlin/org_edited/wfanet/panelmatch/client/privatemembership:EvaluateQueriesTest
❌ FAILED: //src/test/kotlin/org_edited/wfanet/panelmatch/client/privatemembership:JniEvaluateQueriesEndToEndTest
❌ FAILED: //src/test/kotlin/org_edited/wfanet/panelmatch/client/privatemembership:JniPrivateMembershipCryptorTest
❌ FAILED: //src/test/kotlin/org_edited/wfanet/panelmatch/client/privatemembership:JniQueryEvaluatorTest
❌ FAILED: //src/test/kotlin/org_edited/wfanet/panelmatch/client/privatemembership:JniQueryPreparerTest
❌ FAILED: //src/test/kotlin/org_edited/wfanet/panelmatch/client/privatemembership:QueryIdGeneratorTest
❌ FAILED: //src/test/kotlin/org_edited/wfanet/panelmatch/client/privatemembership/testing:PlaintextCreateQueriesTest
❌ FAILED: //src/test/kotlin/org_edited/wfanet/panelmatch/client/privatemembership/testing:PlaintextEvaluateQueriesEndToEndTest
❌ FAILED: //src/test/kotlin/org_edited/wfanet/panelmatch/client/privatemembership/testing:PlaintextPrivateMembershipCryptorTest
❌ FAILED: //src/test/kotlin/org_edited/wfanet/panelmatch/client/privatemembership/testing:PlaintextQueryEvaluatorTest
❌ FAILED: //src/test/kotlin/org_edited/wfanet/panelmatch/client/privatemembership/testing:PlaintextQueryPreparerTest
❌ FAILED: //src/test/kotlin/org_edited/wfanet/panelmatch/client/privatemembership/testing:PlaintextQueryResultsDecryptorTest
❌ FAILED: //src/test/kotlin/org_edited/wfanet/panelmatch/client/storage:FileSystemVerifiedStorageClientTest
❌ FAILED: //src/test/kotlin/org_edited/wfanet/panelmatch/client/storage/gcloud:GcsVerifiedStorageClientTest
❌ FAILED: //src/test/kotlin/org_edited/wfanet/panelmatch/client/storage/testing:InMemoryVerifiedStorageClientTest
❌ FAILED: //src/test/kotlin/org_edited/wfanet/panelmatch/common:BlockingIteratorTest
❌ FAILED: //src/test/kotlin/org_edited/wfanet/panelmatch/common/beam:BeamTest
❌ FAILED: //src/test/kotlin/org_edited/wfanet/panelmatch/common/beam:WriteShardedDataTest
❌ FAILED: //src/test/kotlin/org_edited/wfanet/panelmatch/common/certificates:CertificateSigningRequestsTest
❌ FAILED: //src/test/kotlin/org_edited/wfanet/panelmatch/common/certificates:KingdomlessCertificateManagerTest
❌ FAILED: //src/test/kotlin/org_edited/wfanet/panelmatch/common/certificates:V2AlphaCertificateManagerTest
❌ FAILED: //src/test/kotlin/org_edited/wfanet/panelmatch/common/certificates/aws:CertificateAuthorityTest
❌ FAILED: //src/test/kotlin/org_edited/wfanet/panelmatch/common/certificates/gcloud:CertificateAuthorityTest
❌ FAILED: //src/test/kotlin/org_edited/wfanet/panelmatch/common/certificates/openssl:OpenSslCertificateAuthorityTest
❌ FAILED: //src/test/kotlin/org_edited/wfanet/panelmatch/common/crypto:JniDeterministicCommutativeCipherTest
❌ FAILED: //src/test/kotlin/org_edited/wfanet/panelmatch/common/crypto/testing:FakeSymmetricCryptorTest
❌ FAILED: //src/test/kotlin/org_edited/wfanet/panelmatch/common/secrets:CsvSecretMapTest
❌ FAILED: //src/test/kotlin/org_edited/wfanet/panelmatch/common/secrets:StorageClientSecretMapTest
❌ FAILED: //src/test/kotlin/org_edited/wfanet/panelmatch/common/secrets/testing:TestSecretMapTest
❌ FAILED: //src/test/kotlin/org_edited/wfanet/panelmatch/common/storage:BlobsTest
❌ FAILED: //src/test/kotlin/org_edited/wfanet/panelmatch/common/storage:SizeLimitedStorageClientTest
❌ FAILED: //src/test/kotlin/org_edited/wfanet/panelmatch/integration:DoubleBlindWorkflowTest
❌ FAILED: //src/test/kotlin/org_edited/wfanet/panelmatch/integration:FullWithPreprocessingTest
❌ FAILED: //src/test/kotlin/org_edited/wfanet/panelmatch/integration:FullWorkflowTest
❌ FAILED: //src/test/kotlin/org_edited/wfanet/panelmatch/integration:MiniWorkflowTest
❌ FAILED: //src/test/kotlin/org_edited/wfanet/panelmatch/integration/k8s:EmptyClusterPanelMatchCorrectnessTest
❌ FAILED: //src/test/kotlin/problem:my_service_test
